// Vitest Snapshot v1, https://vitest.dev/guide/snapshot.html

exports[`compiler: children transform > JSXComponent in JSXExpressionContainer 1`] = `
"
  const n0 = t0()
  const x0 = _child(n0)
  _setNodes(x0, () => (<Comp />))
  return n0
"
`;

exports[`compiler: children transform > anchor insertion in middle 1`] = `
"
  const n4 = t1()
  const n3 = _next(_child(n4))
  _setInsertionState(n4, n3)
  const n0 = _createIf(() => (1), () => {
    const n2 = t0()
    return n2
  }, null, true)
  return n4
"
`;

exports[`compiler: children transform > efficient find 1`] = `
"
  const n1 = t0()
  const n0 = _nthChild(n1, 2)
  const x0 = _child(n0)
  _setNodes(x0, () => (msg))
  return n1
"
`;

exports[`compiler: children transform > efficient traversal 1`] = `
"
  const n3 = t0()
  const p0 = _next(_child(n3))
  const n0 = _child(p0)
  const p1 = _next(p0)
  const n1 = _child(p1)
  const p2 = _next(p1)
  const n2 = _child(p2)
  const x0 = _child(n0)
  _setNodes(x0, () => (msg))
  const x1 = _child(n1)
  _setNodes(x1, () => (msg))
  const x2 = _child(n2)
  _setNodes(x2, () => (msg))
  return n3
"
`;
