// Vitest Snapshot v1, https://vitest.dev/guide/snapshot.html

exports[`compiler: v-once > as root node 1`] = `
"
  const n0 = t0()
  _setProp(n0, "id", foo)
  return n0
"
`;

exports[`compiler: v-once > basic 1`] = `
"
  const n2 = t0()
  const n0 = _child(n2)
  const n1 = _next(n0)
  _setNodes(n0, msg)
  _setClass(n1, clz)
  return n2
"
`;

exports[`compiler: v-once > inside v-once 1`] = `
"
  const n0 = t0()
  return n0
"
`;

exports[`compiler: v-once > on component 1`] = `
"
  const n1 = t0()
  _setInsertionState(n1)
  const n0 = _createComponent(Comp, { id: () => (foo) }, null, null, true)
  return n1
"
`;

exports[`compiler: v-once > on nested plain element 1`] = `
"
  const n1 = t0()
  const n0 = _child(n1)
  _setProp(n0, "id", foo)
  return n1
"
`;

exports[`compiler: v-once > with v-for 1`] = `
"
  const n0 = _createFor(() => (list), (_for_item0) => {
    const n2 = t0()
    return n2
  }, void 0, 4)
  return n0
"
`;

exports[`compiler: v-once > with v-if 1`] = `
"
  const n0 = _createIf(() => (expr), () => {
    const n2 = t0()
    return n2
  }, null, true)
  return n0
"
`;

exports[`compiler: v-once > with v-if/else 1`] = `
"
  const n0 = _createIf(() => (expr), () => {
    const n2 = t0()
    return n2
  }, () => {
    const n4 = t1()
    return n4
  }, true)
  return n0
"
`;
