// Vitest Snapshot v1, https://vitest.dev/guide/snapshot.html

exports[`compiler: v-show transform > simple expression 1`] = `
"
  const n0 = t0()
  _applyVShow(n0, () => (foo))
  return n0
"
`;
