// Vitest Snapshot v1, https://vitest.dev/guide/snapshot.html

exports[`compiler: transform v-slots > basic 1`] = `
"
  const n1 = _createComponent(Comp, null, {
    $: [
      { default: ({ foo })=> <>{ foo + bar }</> }
    ]
  }, true)
  return n1
"
`;
